// Jest Snapshot v1, https://goo.gl/fbAQLP

exports[`Preview letter form renders matches snapshot 1`] = `
<DocumentFragment>
  <div
    class="notify-confirmation-panel"
  >
    Letter template
  </div>
  <h1
    class="review__heading"
    data-testid="preview-message__heading"
  >
    name
  </h1>
  <div
    class="nhsuk-width-container nhsuk-u-margin-bottom-4 nhsuk-body-m"
  >
    <div
      class="preview"
    >
      <div
        class="nhsuk-grid-row preview__row"
      >
        <div
          class="nhsuk-grid-column-one-third preview__col"
        >
          <div
            class="preview__col_heading"
          >
            Template ID
          </div>
        </div>
        <div
          class="nhsuk-grid-column-two-thirds col"
        >
          id
        </div>
      </div>
      <div
        class="nhsuk-grid-row preview__row"
      >
        <div
          class="nhsuk-grid-column-one-third preview__col"
        >
          <div
            class="preview__col_heading"
          >
            Type
          </div>
        </div>
        <div
          class="nhsuk-grid-column-two-thirds col"
        >
          Letter
        </div>
      </div>
      <div
        class="nhsuk-grid-row preview__row"
      >
        <div
          class="nhsuk-grid-column-one-third preview__col"
        >
          <div
            class="preview__col_heading"
          >
            Status
          </div>
        </div>
        <div
          class="nhsuk-grid-column-two-thirds col"
        >
          <div
            class="nhsuk-tag"
          >
            Not yet submitted
          </div>
        </div>
      </div>
    </div>
  </div>
  <div
    class="nhsuk-width-container nhsuk-u-margin-bottom-6 nhsuk-body-m"
  >
    <div
      class="preview"
    >
      <div
        class="nhsuk-grid-row preview__row"
      >
        <div
          class="nhsuk-grid-column-one-third preview__col"
        >
          <div
            class="preview__col_heading"
            data-testid="preview__heading-0"
            id="preview-heading-heading"
          >
            Heading
          </div>
        </div>
        <div
          class="nhsuk-grid-column-two-thirds col"
        >
          <div
            class="preview__col_content"
            data-testid="preview__content-0"
            id="preview-content-heading"
          >
            letter heading
          </div>
        </div>
      </div>
      <div
        class="nhsuk-grid-row preview__row"
      >
        <div
          class="nhsuk-grid-column-one-third preview__col"
        >
          <div
            class="preview__col_heading"
            data-testid="preview__heading-1"
            id="preview-heading-body-text"
          >
            Body text
          </div>
        </div>
        <div
          class="nhsuk-grid-column-two-thirds col"
        >
          <div
            class="preview__col_content"
            data-testid="preview__content-1"
            id="preview-content-body-text"
          />
        </div>
      </div>
    </div>
  </div>
  <form
    action=""
  >
    <input
      name="form-id"
      readonly=""
      type="hidden"
      value="review-letter-template"
    />
    <div
      class="nhsuk-form-group"
    >
      <fieldset
        class="nhsuk-fieldset"
      >
        <legend
          class="nhsuk-fieldset__legend nhsuk-fieldset__legend--m"
          data-testid="reviewLetterTemplateAction-form__legend"
        >
          What would you like to do next with this template?
        </legend>
        <div
          class="nhsuk-form-group"
        >
          <div
            class="nhsuk-radios"
            id="reviewLetterTemplateAction"
          >
            <div
              class="nhsuk-radios__item"
            >
              <input
                class="nhsuk-radios__input"
                data-testid="letter-edit-radio"
                id="reviewLetterTemplateAction-letter-edit"
                name="reviewLetterTemplateAction"
                type="radio"
                value="letter-edit"
              />
              <label
                class="nhsuk-label nhsuk-radios__label"
                for="reviewLetterTemplateAction-letter-edit"
                id="reviewLetterTemplateAction-letter-edit--label"
              >
                Edit
              </label>
            </div>
            <div
              class="nhsuk-radios__item"
            >
              <input
                class="nhsuk-radios__input"
                data-testid="letter-preview-radio"
                id="reviewLetterTemplateAction-letter-preview"
                name="reviewLetterTemplateAction"
                type="radio"
                value="letter-preview"
              />
              <label
                class="nhsuk-label nhsuk-radios__label"
                for="reviewLetterTemplateAction-letter-preview"
                id="reviewLetterTemplateAction-letter-preview--label"
              >
                Preview (PDF)
              </label>
            </div>
            <div
              class="nhsuk-radios__item"
            >
              <input
                class="nhsuk-radios__input"
                data-testid="letter-submit-radio"
                id="reviewLetterTemplateAction-letter-submit"
                name="reviewLetterTemplateAction"
                type="radio"
                value="letter-submit"
              />
              <label
                class="nhsuk-label nhsuk-radios__label"
                for="reviewLetterTemplateAction-letter-submit"
                id="reviewLetterTemplateAction-letter-submit--label"
              >
                Submit
              </label>
            </div>
          </div>
        </div>
      </fieldset>
    </div>
    <button
      aria-disabled="false"
      class="nhsuk-button"
      data-testid="submit-button"
      id="review-letter-template-submit-button"
      type="submit"
    >
      Continue
    </button>
  </form>
</DocumentFragment>
`;
