// Jest Snapshot v1, https://goo.gl/fbAQLP

exports[`EventsClient raises an exception on failed entries 1`] = `"Failed to send event to EventBridge."`;
