// Jest Snapshot v1, https://goo.gl/fbAQLP

exports[`SubmitTemplatePage 1`] = `
<DocumentFragment>
  <div>
    SubmitTemplatePlaceholder
  </div>
</DocumentFragment>
`;
