// Jest Snapshot v1, https://goo.gl/fbAQLP

exports[`PreviewMessage component matches snapshot 1`] = `
<DocumentFragment>
  <h1
    data-testid="preview-message__heading"
  >
    <span
      class="nhsuk-caption-l"
      data-testid="preview-message__heading-caption"
    >
      NHS app message template
    </span>
    Example NHS APP template
  </h1>
  <details
    class="nhsuk-details"
  >
    <summary
      class="nhsuk-details__summary"
      data-testid="preview-message-details__heading"
    >
      <span
        class="nhsuk-details__summary-text"
      >
        Details heading
      </span>
    </summary>
    <div
      class="nhsuk-details__text"
      data-testid="preview-message-details__text"
    >
      <p>
        Details text
      </p>
    </div>
  </details>
  Preview
  <form>
    <fieldset
      class="nhsuk-fieldset"
    >
      <legend
        class="nhsuk-fieldset__legend nhsuk-fieldset__legend--m"
        data-testid="preview-message-form__legend"
      >
        What would you like to do next with this template?
      </legend>
      Form
    </fieldset>
    <button
      aria-disabled="false"
      class="nhsuk-button"
      data-testid="preview-message-form__button"
      type="submit"
    >
      Continue
    </button>
  </form>
</DocumentFragment>
`;
