// Jest Snapshot v1, https://goo.gl/fbAQLP

exports[`ClientLayout 1`] = `<DocumentFragment />`;
