// Jest Snapshot v1, https://goo.gl/fbAQLP

exports[`PreviewNhsAppTemplatePage should load page 1`] = `
<ReviewNHSAppTemplate
  initialState={
    {
      "id": "session-id",
      "nhsAppTemplateMessage": "template-message",
      "nhsAppTemplateName": "template-name",
      "templateType": "NHS_APP",
    }
  }
/>
`;
