// Jest Snapshot v1, https://goo.gl/fbAQLP

exports[`MockSignoutPage 1`] = `
<DocumentFragment>
  <p>
    redirect
  </p>
</DocumentFragment>
`;
