// Jest Snapshot v1, https://goo.gl/fbAQLP

exports[`CreateEmailTemplatePage 1`] = `
<DocumentFragment>
  <h2
    class="nhsuk-heading-l"
    data-testid="page-sub-heading"
  >
    Placeholder email page
  </h2>
</DocumentFragment>
`;
