// Jest Snapshot v1, https://goo.gl/fbAQLP

exports[`PreviewSMSTemplatePage should load page 1`] = `
<ReviewSMSTemplate
  initialState={
    {
      "id": "session-id",
      "nhsAppTemplateMessage": "",
      "nhsAppTemplateName": "",
      "smsTemplateMessage": "template-message",
      "smsTemplateName": "template-name",
      "templateType": "SMS",
    }
  }
/>
`;
