// Jest Snapshot v1, https://goo.gl/fbAQLP

exports[`CreateSMSTemplatePage should render CreateSMSTemplatePage 1`] = `
<SmsTemplateForm
  csrfToken="csrf-token"
  initialState={
    {
      "message": "",
      "name": "",
      "templateStatus": "NOT_YET_SUBMITTED",
      "templateType": "SMS",
    }
  }
/>
`;
