// Jest Snapshot v1, https://goo.gl/fbAQLP

exports[`App throws if proof request event is missing a property 1`] = `
"[
  {
    "code": "invalid_type",
    "expected": "array",
    "received": "undefined",
    "path": [
      "personalisationParameters"
    ],
    "message": "Required"
  }
]"
`;
