// Jest Snapshot v1, https://goo.gl/fbAQLP

exports[`Personalisation component matches snapshot 1`] = `
<div>
  <h2
    class="nhsuk-heading-m"
    data-testid="personalisation-header"
  >
    Personalisation
  </h2>
  <p>
    Use double brackets to add a personalisation field to your content.
  </p>
  <p>
    Do not include spaces in your personalisation fields. For example:
  </p>
  <span
    class="nhsuk-u-visually-hidden"
    id="personalisation-markdown-description"
  >
    An example of personalised message content:
  </span>
  <pre
    class="nhsuk-code-block"
  >
    <code
      aria-describedby="personalisation-markdown-description"
    >
      Hello ((firstName)), your NHS number is ((nhsNumber))
    </code>
  </pre>
  <details
    class="nhsuk-details"
    data-testid="pds-personalisation-fields-details"
  >
    <summary
      class="nhsuk-details__summary"
      data-testid="pds-personalisation-fields-summary"
    >
      <span
        class="nhsuk-details__summary-text"
      >
        PDS personalisation fields
      </span>
    </summary>
    <div
      class="nhsuk-details__text"
      data-testid="pds-personalisation-fields-text"
    >
      <p>
        NHS Notify gets data from PDS to populate certain personalisation fields.
      </p>
      <p>
        You can use the following PDS personalisation fields:
      </p>
      <ul>
        <li>
          ((fullName))
        </li>
        <li>
          ((firstName))
        </li>
        <li>
          ((lastName))
        </li>
        <li>
          ((nhsNumber))
        </li>
        <li>
          ((date))
        </li>
      </ul>
      <p>
        Make sure your personalisation fields exactly match the PDS personalisation fields. This includes using the correct order of upper and lower case letters.
      </p>
    </div>
  </details>
  <details
    class="nhsuk-details"
    data-testid="custom-personalisation-fields-details"
  >
    <summary
      class="nhsuk-details__summary"
      data-testid="custom-personalisation-fields-summary"
    >
      <span
        class="nhsuk-details__summary-text"
      >
        Custom personalisation fields
      </span>
    </summary>
    <div
      class="nhsuk-details__text"
      data-testid="custom-personalisation-fields-text"
    >
      <p>
        You can add
        <a
          href="/using-nhs-notify/personalisation#custom-personalisation-fields"
          rel="noopener noreferrer"
          target="_blank"
        >
          custom personalisation fields
        </a>
         that use your own personalisation data.
      </p>
      <p>
        Include custom personalisation fields in your content. Then provide your custom personalisation data using
        <a
          href="/using-nhs-notify/api"
          rel="noopener noreferrer"
          target="_blank"
        >
          NHS Notify API
        </a>
         or
        <a
          href="/using-nhs-notify/mesh"
          rel="noopener noreferrer"
          target="_blank"
        >
          NHS Notify MESH
        </a>
        .
      </p>
      <p>
        For example, if you wanted to include GP surgery as custom personalisation data, your custom personalisation field could be:
      </p>
      <span
        class="nhsuk-u-visually-hidden"
        id="custom-personalisation-markdown-description"
      >
        An example of personalised message content:
      </span>
      <pre
        class="nhsuk-code-block"
      >
        <code
          aria-describedby="custom-personalisation-markdown-description"
        >
          ((GP_surgery))
        </code>
      </pre>
      <p>
        Remember not to include spaces in your personalisation fields.
      </p>
    </div>
  </details>
</div>
`;
