// Jest Snapshot v1, https://goo.gl/fbAQLP

exports[`CreateNhsAppTemplatePage page loads 1`] = `
<CreateNhsAppTemplate
  initialState={
    {
      "id": "session-id",
      "nhsAppTemplateMessage": "",
      "nhsAppTemplateName": "",
      "templateType": "NHS_APP",
    }
  }
/>
`;
