// Jest Snapshot v1, https://goo.gl/fbAQLP

exports[`CreateLetterTemplatePage should render CreateLetterTemplatePage 1`] = `
<LetterTemplateForm
  initialState={
    {
      "language": "ENGLISH",
      "letterType": "STANDARD",
      "name": "",
      "pdfTemplateInputFile": "",
      "templateStatus": "NOT_YET_SUBMITTED",
      "templateType": "LETTER",
    }
  }
/>
`;
