// Jest Snapshot v1, https://goo.gl/fbAQLP

exports[`PreviewEmailTemplatePage should render ReviewEmailTemplate with session data 1`] = `
<ReviewEmailTemplate
  initialState={
    {
      "emailTemplateMessage": "template-message",
      "emailTemplateName": "template-name",
      "emailTemplateSubjectLine": "template-subject-line",
      "id": "session-id",
      "nhsAppTemplateMessage": "",
      "nhsAppTemplateName": "",
      "templateType": "EMAIL",
    }
  }
/>
`;
